...
[multi_layer 0.1.0] <<< [CWD]/workspace
...
[multi_layer 0.1.0] [single_layer 0.1.0] <<< [CWD]/workspace/single_layer/workspace
...
[multi_layer 0.1.0] [single_layer 0.1.0]     Checking package v0.1.0 ([CWD]/workspace/single_layer/workspace/package)
...
[multi_layer 0.1.0] [single_layer 0.1.0]     Finished `dev` profile [unoptimized + debuginfo] target(s) in [..]s
[multi_layer 0.1.0] [single_layer 0.1.0] >>> [CWD]/workspace/single_layer/workspace
...
[multi_layer 0.1.0]     Finished `dev` profile [unoptimized + debuginfo] target(s) in [..]s
[multi_layer 0.1.0] >>> [CWD]/workspace
...
    Finished `dev` profile [unoptimized + debuginfo] target(s) in [..]s
