...
   Compiling git_dependency v0.1.0 ([CWD])
...
[git_dependency 0.1.0] <<< [CWD]/package
...
[git_dependency 0.1.0]    Compiling package v0.1.0 ([CWD]/package)
...
[git_dependency 0.1.0]     Finished `dev` profile [unoptimized + debuginfo] target(s) in [..]s
[git_dependency 0.1.0] >>> [CWD]/package
...
    Finished `dev` profile [unoptimized + debuginfo] target(s) in [..]s
