...
[root_and_non_root_packages 0.1.0] <<< [CWD]/root_package
...
[root_and_non_root_packages 0.1.0]    Compiling non_root_package v0.1.0 ([CWD]/root_package/non_root_package)
...
[root_and_non_root_packages 0.1.0]     Finished `dev` profile [unoptimized + debuginfo] target(s) in [..]s
[root_and_non_root_packages 0.1.0] >>> [CWD]/root_package
...
    Finished `dev` profile [unoptimized + debuginfo] target(s) in [..]s
