...
   Compiling conflicting_features v0.1.0 ([CWD])
...
[conflicting_features 0.1.0] <<< [CWD]/big_endian
...
[conflicting_features 0.1.0]    Compiling to_bytes v0.1.0 ([CWD]/to_bytes)
...
[conflicting_features 0.1.0]    Compiling big_endian v0.1.0 ([CWD]/big_endian)
...
[conflicting_features 0.1.0]     Finished `dev` profile [unoptimized + debuginfo] target(s) in [..]s
[conflicting_features 0.1.0] >>> [CWD]/big_endian
[conflicting_features 0.1.0] <<< [CWD]/little_endian
...
[conflicting_features 0.1.0]    Compiling to_bytes v0.1.0 ([CWD]/to_bytes)
...
[conflicting_features 0.1.0]    Compiling little_endian v0.1.0 ([CWD]/little_endian)
...
[conflicting_features 0.1.0]     Finished `dev` profile [unoptimized + debuginfo] target(s) in [..]s
[conflicting_features 0.1.0] >>> [CWD]/little_endian
[conflicting_features 0.1.0] <<< [CWD]/to_bytes
...
[conflicting_features 0.1.0]    Compiling to_bytes v0.1.0 ([CWD]/to_bytes)
...
[conflicting_features 0.1.0]     Finished `dev` profile [unoptimized + debuginfo] target(s) in [..]s
[conflicting_features 0.1.0] >>> [CWD]/to_bytes
...
    Finished `dev` profile [unoptimized + debuginfo] target(s) in [..]s
