error: manifest path `[CWD]` contains no package: The manifest is virtual, and the workspace has no members.
