...
   Compiling multiple_test_targets v0.1.0 ([CWD])
...
[multiple_test_targets 0.1.0] <<< [CWD]/package
...
[multiple_test_targets 0.1.0]    Compiling package v0.1.0 ([CWD]/package)
...
[multiple_test_targets 0.1.0]     Finished `dev` profile [unoptimized + debuginfo] target(s) in [..]s
[multiple_test_targets 0.1.0] >>> [CWD]/package
...
    Finished `dev` profile [unoptimized + debuginfo] target(s) in [..]s
