[multilayer 0.1.0] [..]
[multilayer 0.1.0] [single_layer 0.1.0] [..]
