...
   Compiling no_roots v0.1.0 ([CWD])
...
[no_roots 0.1.0] Warning: found no nested workspaces
...
    Finished `dev` profile [unoptimized + debuginfo] target(s) in [..]s
