...
   Compiling git_dependency v0.1.0 ([CWD])
    Finished `test` profile [unoptimized + debuginfo] target(s) in [..]s
     Running unittests src/lib.rs (target/debug/deps/git_dependency-[..])
<<< [CWD]/package
...
   Compiling package v0.1.0 ([CWD]/package)
    Finished `test` profile [unoptimized + debuginfo] target(s) in [..]s
     Running unittests src/lib.rs (target/debug/deps/package-[..])
>>> [CWD]/package
