...
   Compiling no_roots v0.1.0 ([CWD])
    Finished `test` profile [unoptimized + debuginfo] target(s) in [..]s
     Running unittests src/lib.rs (target/debug/deps/no_roots-[..])
Warning: found no nested workspaces
